<?xml version="1.0" encoding="UTF-8"?>
<testsuites name="Mocha Tests" time="2.6640" tests="1" failures="1">
  <testsuite name="Root Suite" timestamp="2022-05-07T17:01:56" tests="0" file="cypress/integration/1-getting-started/todo.spec.js" time="0.0000" failures="0">
  </testsuite>
  <testsuite name="example to-do app" timestamp="2022-05-07T17:01:56" tests="1" time="2.6010" failures="0">
    <testcase name="example to-do app displays two todo items by default" time="0.0000" classname="displays two todo items by default">
      <failure message="Invalid Chai property: toBe. Did you mean &quot;to&quot;?" type="Error"><![CDATA[Error: Invalid Chai property: toBe. Did you mean "to"?
    at Object.proxyGetter [as get] (https://example.cypress.io/__cypress/runner/cypress_runner.js:104428:17)
From Your Spec Code:
    at Context.eval (https://example.cypress.io/__cypress/tests?p=cypress\integration\1-getting-started\todo.spec.js:134:5)]]></failure>
      <properties>
        <property name="canPropsAlsoGoInSuite" value="true"/>
        <property name="tags" value="#smoke,#tag"/>
        <property name="teams" value="@team1,@team2"/>
      </properties>
    </testcase>
  </testsuite>
</testsuites>